[stdout]
Сделано: раздел С6 в insights/futures-bots.md дополнен по всем 5 пунктам заявки 194 (HUNT-SIGNAL-BOT): JSON-формат webhook (action/instrument/signalToken/timestamp/maxLag/orderType/price/investmentType/amount) + URL live/demo + REST-путь sub-order/close-position; поведение позиций после stop-order-algo (stopType нет, позиции остаются, нужен close-position); isolated-маржа из investAmt, lever фиксирован ≤3x; 5-шаговый demo-план (create-signal → order-algo 2x/100 USDT → ENTER_LONG → positions → stop + close-position); требования к kill-switch (stop-order-algo + обязательный close-position). AGENTS.md §2 соблюден: только документация, без торговли/секретов/правок guard.

Изменённые файлы:
- [insights/futures-bots.md](/mnt/c/TG/BOT/TRADE DEMO 1/insights/futures-bots.md) — только раздел С6 (+48/−10 строк).

Команды проверок и результат:
- `git diff --stat -- insights/futures-bots.md` — exit 0, 1 файл, +48/−10, других файлов от меня нет (дерево грязное от других агентов, мой diff изолирован).
- `python3` проверка ключевых слов С6 — exit 0, `missing: none`, все 18 маркеров (ENTER_LONG/SHORT, EXIT_LONG/SHORT, signalToken, maxLag, оба URL, sub-order, close-position, stopType, isolated, investAmt, 2x, 100 USDT, emergency_stop, trade/close-position) на месте.


[stderr]
tbh: ignoring unknown top-level member in settings file at /home/ttt/.config/muse/settings.json: reason=unknown_member location=settings
muse: workspace root: /mnt/c/TG/BOT/TRADE DEMO 1 (cwd default)
muse: warning: rules file at /mnt/c/TG/BOT/TRADE DEMO 1/AGENTS.md exists, but the workspace is untrusted, so it is skipped for this session; restart with --trust-workspace to load project rules
muse: Skills: 23 loaded · 1 warning
muse:   .agents: project-skills-untrusted: project skills skipped because workspace is untrusted
muse:   Run `muse skills list --source all` for full diagnostics.
muse: plugins: runtime capability trust: runtime capability state `observer_agents` is malformed; capability is inactive: invalid type: boolean `true`, expected struct RuntimeCapabilityState
muse: plugins: runtime capability trust: runtime capability state `parallel_workers` is malformed; capability is inactive: invalid type: integer `10`, expected struct RuntimeCapabilityState
muse: plugins: runtime capability trust: runtime capability state `observer_agents` is malformed; capability is inactive: invalid type: boolean `true`, expected struct RuntimeCapabilityState
muse: plugins: runtime capability trust: runtime capability state `observer_agents` is malformed; capability is inactive: invalid type: boolean `true`, expected struct RuntimeCapabilityState
muse: plugins: runtime capability trust: runtime capability state `observer_agents` is malformed; capability is inactive: invalid type: boolean `true`, expected struct RuntimeCapabilityState
muse: plugins: runtime capability trust: runtime capability state `observer_agents` is malformed; capability is inactive: invalid type: boolean `true`, expected struct RuntimeCapabilityState
muse: plugins: runtime capability trust: runtime capability state `observer_agents` is malformed; capability is inactive: invalid type: boolean `true`, expected struct RuntimeCapabilityState
muse: plugins: runtime capability trust: runtime capability state `observer_agents` is malformed; capability is inactive: invalid type: boolean `true`, expected struct RuntimeCapabilityState
muse: runtime capability `plugin:skill-reminder:reminder:skill-reminder` is inactive: reminder enablement settings are invalid
muse: runtime capability `plugin:goal-reminder:reminder:goal-reminder` is inactive: reminder enablement settings are invalid
muse: runtime capability `plugin:memory-reminder:reminder:memory-reminder` is inactive: reminder enablement settings are invalid
muse: runtime capability `plugin:todo-reminder:reminder:todo-reminder` is inactive: reminder enablement settings are invalid
muse: runtime capability `plugin:verify-reminder:reminder:verify-reminder` is inactive: reminder enablement settings are invalid
muse: runtime capability `plugin:scope-reminder:reminder:scope-reminder` is inactive: reminder enablement settings are invalid
muse: Agent delegation: auto unavailable: workspace is untrusted.


