[stdout]
Задача 74 (ALERTS-IMPL) выполнена. AGENTS.md §2 соблюдён: только создание двух файлов и одна строка в карте кода, без live-торговли, секретов и правки guard.

Что сделано

Создан `src/notify.py` — модуль алертов Sentinel:
- уровни INFO / WARNING / CRITICAL (неизвестный уровень — `ValueError`);
- токены только из `os.getenv("TELEGRAM_BOT_TOKEN" / "TELEGRAM_CHAT_ID")`; при отсутствии/пустых — без исключений: `logging.getLogger("notify")` + запись в `data/alerts.jsonl` (timestamp ISO, level, title, message, delivered_telegram);
- при заданных токенах — POST через `urllib.request` на `https://api.telegram.org/bot<token>/sendMessage` (JSON: chat_id, text, parse_mode HTML, timeout 5 с); любая сетевая ошибка ловится, возвращается `False`;
- дедупликация: повтор с тем же `alert_key` в пределах `cooldown_s=60` пропускает отправку в Telegram (debug-лог), возвращает `True`;
- функции: `send_alert`, `alert_kill_switch` (CRITICAL), `alert_breaker` (CRITICAL при breach, иначе WARNING), `alert_divergence` (WARNING), `alert_engine_crash` (CRITICAL), `alert_guard_denial` (WARNING);
- CLI: `python -m src.notify --test "…"` (exit 0) и `--status` (exit 0, секреты не печатает).

Создан `tests/test_notify.py` — 10 unit-тестов (`unittest.TestCase`): fallback без токенов (jsonl, `delivered_telegram=False`), пустые токены, мок `urlopen` (проверка URL и payload), `URLError → False`, дедупликация (блок повтора + истечение cooldown), все 5 спецфункций (уровни и содержимое), `ValueError` на неверный уровень, CLI `--test`/`--status` с exit 0.

Обновлён `ops/code-map.md` — добавлена строка `src/notify.py` в таблицу модулей.

Проверки и результат
- `python3 -m unittest tests/test_notify.py` — Ran 10 tests, OK, EXIT=0.
- `python3 -m src.notify --test "Тестовое сообщение"` — «Тестовый алерт обработан», EXIT=0; запись jsonl корректна (`level INFO, delivered_telegram false`).
- `python3 -m src.notify --status` — «Telegram: не настроен (fallback в jsonl)», EXIT=0.
- `git status` по touched-путям: только `M ops/code-map.md`, `?? src/notify.py`, `?? tests/test_notify.py`; репозиторий мусором не загрязнён (CLI-проверка писала в `/tmp` через `ALERTS_JSONL_PATH`, убран).

Изменённые файлы: [src/notify.py](/mnt/c/TG/BOT/TRADE DEMO 1/src/notify.py), [tests/test_notify.py](/mnt/c/TG/BOT/TRADE DEMO 1/tests/test_notify.py), [ops/code-map.md](/mnt/c/TG/BOT/TRADE DEMO 1/ops/code-map.md:39).

[stderr]
tbh: ignoring unknown top-level member in settings file at /home/ttt/.config/muse/settings.json: reason=unknown_member location=settings
muse: workspace root: /mnt/c/TG/BOT/TRADE DEMO 1 (cwd default)
muse: warning: rules file at /mnt/c/TG/BOT/TRADE DEMO 1/AGENTS.md exists, but the workspace is untrusted, so it is skipped for this session; restart with --trust-workspace to load project rules
muse: Skills: 23 loaded · 1 warning
muse:   .agents: project-skills-untrusted: project skills skipped because workspace is untrusted
muse:   Run `muse skills list --source all` for full diagnostics.
muse: plugins: runtime capability trust: runtime capability state `observer_agents` is malformed; capability is inactive: invalid type: boolean `true`, expected struct RuntimeCapabilityState
muse: plugins: runtime capability trust: runtime capability state `parallel_workers` is malformed; capability is inactive: invalid type: integer `10`, expected struct RuntimeCapabilityState
muse: plugins: runtime capability trust: runtime capability state `observer_agents` is malformed; capability is inactive: invalid type: boolean `true`, expected struct RuntimeCapabilityState
muse: plugins: runtime capability trust: runtime capability state `observer_agents` is malformed; capability is inactive: invalid type: boolean `true`, expected struct RuntimeCapabilityState
muse: plugins: runtime capability trust: runtime capability state `observer_agents` is malformed; capability is inactive: invalid type: boolean `true`, expected struct RuntimeCapabilityState
muse: plugins: runtime capability trust: runtime capability state `observer_agents` is malformed; capability is inactive: invalid type: boolean `true`, expected struct RuntimeCapabilityState
muse: plugins: runtime capability trust: runtime capability state `observer_agents` is malformed; capability is inactive: invalid type: boolean `true`, expected struct RuntimeCapabilityState
muse: plugins: runtime capability trust: runtime capability state `observer_agents` is malformed; capability is inactive: invalid type: boolean `true`, expected struct RuntimeCapabilityState
muse: runtime capability `plugin:skill-reminder:reminder:skill-reminder` is inactive: reminder enablement settings are invalid
muse: runtime capability `plugin:goal-reminder:reminder:goal-reminder` is inactive: reminder enablement settings are invalid
muse: runtime capability `plugin:memory-reminder:reminder:memory-reminder` is inactive: reminder enablement settings are invalid
muse: runtime capability `plugin:todo-reminder:reminder:todo-reminder` is inactive: reminder enablement settings are invalid
muse: runtime capability `plugin:verify-reminder:reminder:verify-reminder` is inactive: reminder enablement settings are invalid
muse: runtime capability `plugin:scope-reminder:reminder:scope-reminder` is inactive: reminder enablement settings are invalid
muse: Agent delegation: auto unavailable: workspace is untrusted.


