[stdout]
Сделано (заявка d20260930-140121-2646): сгенерированы спецификация и сценарии тестов для `src/copy_trader.py` и `src/futures_bot.py` — в виде двух документов, grounded в проверенных фактах `insights/futures-bots.md`, `insights/copy-trading.md` и контрактах кода (`risk.MAX_LEVERAGE=3`, `MAX_ACTIVE_BOTS=50`, `connector.emergency_stop`→`stopType 2`, ORDER-OWNER-TAG, CFLEET-PROBE-факты).

Изменённые файлы (только новые, код не тронут):
- `insights/futures-bot-spec.md` — интерфейс (`FuturesGridConfig`/`FuturesDCAConfig`, `validate_grid/dca`, `liquidation_estimate`, `stop_plan`), 13 инвариантов валидации, kill-switch по решению KILL-CONTRACT-STOPTYPE, таблица кодов ERR-BOT-CODES, 13 валидационных + 6 математических тест-сценариев (сверка с числами инсайта: liq −49.8%, L_SL 15.1%), demo-чеклист, критерий готовности.
- `insights/copy-trader-spec.md` — read-only принцип (заявка лид-трейдера и смена ratio — только `needs-user`), `LeadReadiness` с fail-closed по неподтверждённому суб-аккаунту, экономика (сверка 150/1600/13000), запрет carry, 14 тест-сценариев, связь с `futures_bot` (сегмент Bot, плоские 30%).

Границы соблюдены: AGENTS.md §2 (правая колонка) не затронута — только доки, без live/секретов/лимитов/guard; §5 — `src/*.py` не тронуты (в 14:08 Antigravity создал пустые плейсхолдеры 0 байт по активной задаче INSIGHTS-ALL-IMPL — только прочитаны, это зафиксировано в спеках); доска не менялась (запись результата — через outbox делегирования).

Проверки:
- `python3 -m unittest tests.test_errors` — 18/18 OK (до и после правок).
- Проверка ссылок спек — все 12 referenced файлов существуют.
- `git status` — из моих изменений только 2 новых файла.
- Полный `unittest discover` и тест-раннер проекта (`ccxt`, Windows-venv) в этой Linux-оболочке недоступны — регрессий быть не может (только Markdown), полный прогон за оркестратором на машине проекта.

Следующий шаг (не мой claim): реализация по спекам — за INSIGHTS-ALL-IMPL; пустые `tests/test_futures_bot.py` / `tests/test_copy_trader.py` ждут наполнения по сценариям §7/§5.

[stderr]
tbh: ignoring unknown top-level member in settings file at /home/ttt/.config/muse/settings.json: reason=unknown_member location=settings
muse: workspace root: /mnt/c/TG/BOT/TRADE DEMO 1 (cwd default)
muse: warning: rules file at /mnt/c/TG/BOT/TRADE DEMO 1/AGENTS.md exists, but the workspace is untrusted, so it is skipped for this session; restart with --trust-workspace to load project rules
muse: Skills: 23 loaded · 1 warning
muse:   .agents: project-skills-untrusted: project skills skipped because workspace is untrusted
muse:   Run `muse skills list --source all` for full diagnostics.
muse: plugins: runtime capability trust: runtime capability state `observer_agents` is malformed; capability is inactive: invalid type: boolean `true`, expected struct RuntimeCapabilityState
muse: plugins: runtime capability trust: runtime capability state `parallel_workers` is malformed; capability is inactive: invalid type: integer `10`, expected struct RuntimeCapabilityState
muse: plugins: runtime capability trust: runtime capability state `observer_agents` is malformed; capability is inactive: invalid type: boolean `true`, expected struct RuntimeCapabilityState
muse: plugins: runtime capability trust: runtime capability state `observer_agents` is malformed; capability is inactive: invalid type: boolean `true`, expected struct RuntimeCapabilityState
muse: plugins: runtime capability trust: runtime capability state `observer_agents` is malformed; capability is inactive: invalid type: boolean `true`, expected struct RuntimeCapabilityState
muse: plugins: runtime capability trust: runtime capability state `observer_agents` is malformed; capability is inactive: invalid type: boolean `true`, expected struct RuntimeCapabilityState
muse: plugins: runtime capability trust: runtime capability state `observer_agents` is malformed; capability is inactive: invalid type: boolean `true`, expected struct RuntimeCapabilityState
muse: plugins: runtime capability trust: runtime capability state `observer_agents` is malformed; capability is inactive: invalid type: boolean `true`, expected struct RuntimeCapabilityState
muse: runtime capability `plugin:skill-reminder:reminder:skill-reminder` is inactive: reminder enablement settings are invalid
muse: runtime capability `plugin:goal-reminder:reminder:goal-reminder` is inactive: reminder enablement settings are invalid
muse: runtime capability `plugin:memory-reminder:reminder:memory-reminder` is inactive: reminder enablement settings are invalid
muse: runtime capability `plugin:todo-reminder:reminder:todo-reminder` is inactive: reminder enablement settings are invalid
muse: runtime capability `plugin:verify-reminder:reminder:verify-reminder` is inactive: reminder enablement settings are invalid
muse: runtime capability `plugin:scope-reminder:reminder:scope-reminder` is inactive: reminder enablement settings are invalid
muse: Agent delegation: auto unavailable: workspace is untrusted.


