[stdout]
Сделано: создан документ insights/trend-strategy-design.md (209 строк) строго в формате insights/meanrev-strategy-design.md: шапка (Дата 2026-10-03, Тема, Статус «готово к реализации в бэктестере», Задача TREND-DESIGN, Решение), §0 TL;DR-таблица, §1 BTC-USDT спот+SWAP 1H, §2 EMA(20/50/200)+ADX(14) Уайлдера (25/20/зона 20–25)+ATR(14)+warmup 400, §3 entry long/short с исполнением open(t+1), §4 Chandelier/ATR 2.0 + выход по кроссу/ADX<20 + ROI-таблица с тайм-стопом, §5 интеграция с src/risk.py без ослабления лимитов, §6 Copy Trading/SWAP (≤3x isolated, funding, лаг 1H), §7 калибровка в src/backtest/ (win rate 35–45%, PF>1.5, payoff>2.0), §8 — 9 источников (Wilder 1978, Freqtrade, OKX/Signal Bot, Investopedia и др.).

Изменённые файлы: только создан insights/trend-strategy-design.md; guard/торговля/секреты/доска не тронуты (AGENTS.md §2 соблюдён).

Проверки: `ls + wc -l + git status` — файл существует (26360 байт, 209 строк), статус git `??` (новый неотслеживаемый), код выхода 0.

[stderr]
tbh: ignoring unknown top-level member in settings file at /home/ttt/.config/muse/settings.json: reason=unknown_member location=settings
muse: workspace root: /mnt/c/TG/BOT/TRADE DEMO 1 (cwd default)
muse: warning: rules file at /mnt/c/TG/BOT/TRADE DEMO 1/AGENTS.md exists, but the workspace is untrusted, so it is skipped for this session; restart with --trust-workspace to load project rules
muse: Skills: 23 loaded · 1 warning
muse:   .agents: project-skills-untrusted: project skills skipped because workspace is untrusted
muse:   Run `muse skills list --source all` for full diagnostics.
muse: plugins: runtime capability trust: runtime capability state `observer_agents` is malformed; capability is inactive: invalid type: boolean `true`, expected struct RuntimeCapabilityState
muse: plugins: runtime capability trust: runtime capability state `parallel_workers` is malformed; capability is inactive: invalid type: integer `10`, expected struct RuntimeCapabilityState
muse: plugins: runtime capability trust: runtime capability state `observer_agents` is malformed; capability is inactive: invalid type: boolean `true`, expected struct RuntimeCapabilityState
muse: plugins: runtime capability trust: runtime capability state `observer_agents` is malformed; capability is inactive: invalid type: boolean `true`, expected struct RuntimeCapabilityState
muse: plugins: runtime capability trust: runtime capability state `observer_agents` is malformed; capability is inactive: invalid type: boolean `true`, expected struct RuntimeCapabilityState
muse: plugins: runtime capability trust: runtime capability state `observer_agents` is malformed; capability is inactive: invalid type: boolean `true`, expected struct RuntimeCapabilityState
muse: plugins: runtime capability trust: runtime capability state `observer_agents` is malformed; capability is inactive: invalid type: boolean `true`, expected struct RuntimeCapabilityState
muse: plugins: runtime capability trust: runtime capability state `observer_agents` is malformed; capability is inactive: invalid type: boolean `true`, expected struct RuntimeCapabilityState
muse: runtime capability `plugin:skill-reminder:reminder:skill-reminder` is inactive: reminder enablement settings are invalid
muse: runtime capability `plugin:goal-reminder:reminder:goal-reminder` is inactive: reminder enablement settings are invalid
muse: runtime capability `plugin:memory-reminder:reminder:memory-reminder` is inactive: reminder enablement settings are invalid
muse: runtime capability `plugin:todo-reminder:reminder:todo-reminder` is inactive: reminder enablement settings are invalid
muse: runtime capability `plugin:verify-reminder:reminder:verify-reminder` is inactive: reminder enablement settings are invalid
muse: runtime capability `plugin:scope-reminder:reminder:scope-reminder` is inactive: reminder enablement settings are invalid
muse: Agent delegation: auto unavailable: workspace is untrusted.


